Archive member included to satisfy reference by file (symbol)

D:/STM32CubeIDE_1.13.1/STM32CubeIDE/plugins/com.st.stm32cube.ide.mcu.externaltools.gnu-tools-for-stm32.11.3.rel1.win32_1.1.0.202305231506/tools/bin/../lib/gcc/arm-none-eabi/11.3.1/../../../../arm-none-eabi/lib/thumb/v7-m/nofp\libc_nano.a(libc_a-exit.o)
                              D:/STM32CubeIDE_1.13.1/STM32CubeIDE/plugins/com.st.stm32cube.ide.mcu.externaltools.gnu-tools-for-stm32.11.3.rel1.win32_1.1.0.202305231506/tools/bin/../lib/gcc/arm-none-eabi/11.3.1/../../../../arm-none-eabi/lib/thumb/v7-m/nofp/crt0.o (exit)
D:/STM32CubeIDE_1.13.1/STM32CubeIDE/plugins/com.st.stm32cube.ide.mcu.externaltools.gnu-tools-for-stm32.11.3.rel1.win32_1.1.0.202305231506/tools/bin/../lib/gcc/arm-none-eabi/11.3.1/../../../../arm-none-eabi/lib/thumb/v7-m/nofp\libc_nano.a(libc_a-findfp.o)
                              D:/STM32CubeIDE_1.13.1/STM32CubeIDE/plugins/com.st.stm32cube.ide.mcu.externaltools.gnu-tools-for-stm32.11.3.rel1.win32_1.1.0.202305231506/tools/bin/../lib/gcc/arm-none-eabi/11.3.1/../../../../arm-none-eabi/lib/thumb/v7-m/nofp\libc_nano.a(libc_a-exit.o) (__stdio_exit_handler)
D:/STM32CubeIDE_1.13.1/STM32CubeIDE/plugins/com.st.stm32cube.ide.mcu.externaltools.gnu-tools-for-stm32.11.3.rel1.win32_1.1.0.202305231506/tools/bin/../lib/gcc/arm-none-eabi/11.3.1/../../../../arm-none-eabi/lib/thumb/v7-m/nofp\libc_nano.a(libc_a-fwalk.o)
                              D:/STM32CubeIDE_1.13.1/STM32CubeIDE/plugins/com.st.stm32cube.ide.mcu.externaltools.gnu-tools-for-stm32.11.3.rel1.win32_1.1.0.202305231506/tools/bin/../lib/gcc/arm-none-eabi/11.3.1/../../../../arm-none-eabi/lib/thumb/v7-m/nofp\libc_nano.a(libc_a-findfp.o) (_fwalk_sglue)
D:/STM32CubeIDE_1.13.1/STM32CubeIDE/plugins/com.st.stm32cube.ide.mcu.externaltools.gnu-tools-for-stm32.11.3.rel1.win32_1.1.0.202305231506/tools/bin/../lib/gcc/arm-none-eabi/11.3.1/../../../../arm-none-eabi/lib/thumb/v7-m/nofp\libc_nano.a(libc_a-stdio.o)
                              D:/STM32CubeIDE_1.13.1/STM32CubeIDE/plugins/com.st.stm32cube.ide.mcu.externaltools.gnu-tools-for-stm32.11.3.rel1.win32_1.1.0.202305231506/tools/bin/../lib/gcc/arm-none-eabi/11.3.1/../../../../arm-none-eabi/lib/thumb/v7-m/nofp\libc_nano.a(libc_a-findfp.o) (__sread)
D:/STM32CubeIDE_1.13.1/STM32CubeIDE/plugins/com.st.stm32cube.ide.mcu.externaltools.gnu-tools-for-stm32.11.3.rel1.win32_1.1.0.202305231506/tools/bin/../lib/gcc/arm-none-eabi/11.3.1/../../../../arm-none-eabi/lib/thumb/v7-m/nofp\libc_nano.a(libc_a-memset.o)
                              D:/STM32CubeIDE_1.13.1/STM32CubeIDE/plugins/com.st.stm32cube.ide.mcu.externaltools.gnu-tools-for-stm32.11.3.rel1.win32_1.1.0.202305231506/tools/bin/../lib/gcc/arm-none-eabi/11.3.1/../../../../arm-none-eabi/lib/thumb/v7-m/nofp/crt0.o (memset)
D:/STM32CubeIDE_1.13.1/STM32CubeIDE/plugins/com.st.stm32cube.ide.mcu.externaltools.gnu-tools-for-stm32.11.3.rel1.win32_1.1.0.202305231506/tools/bin/../lib/gcc/arm-none-eabi/11.3.1/../../../../arm-none-eabi/lib/thumb/v7-m/nofp\libc_nano.a(libc_a-closer.o)
                              D:/STM32CubeIDE_1.13.1/STM32CubeIDE/plugins/com.st.stm32cube.ide.mcu.externaltools.gnu-tools-for-stm32.11.3.rel1.win32_1.1.0.202305231506/tools/bin/../lib/gcc/arm-none-eabi/11.3.1/../../../../arm-none-eabi/lib/thumb/v7-m/nofp\libc_nano.a(libc_a-stdio.o) (_close_r)
D:/STM32CubeIDE_1.13.1/STM32CubeIDE/plugins/com.st.stm32cube.ide.mcu.externaltools.gnu-tools-for-stm32.11.3.rel1.win32_1.1.0.202305231506/tools/bin/../lib/gcc/arm-none-eabi/11.3.1/../../../../arm-none-eabi/lib/thumb/v7-m/nofp\libc_nano.a(libc_a-reent.o)
                              D:/STM32CubeIDE_1.13.1/STM32CubeIDE/plugins/com.st.stm32cube.ide.mcu.externaltools.gnu-tools-for-stm32.11.3.rel1.win32_1.1.0.202305231506/tools/bin/../lib/gcc/arm-none-eabi/11.3.1/../../../../arm-none-eabi/lib/thumb/v7-m/nofp\libc_nano.a(libc_a-closer.o) (errno)
D:/STM32CubeIDE_1.13.1/STM32CubeIDE/plugins/com.st.stm32cube.ide.mcu.externaltools.gnu-tools-for-stm32.11.3.rel1.win32_1.1.0.202305231506/tools/bin/../lib/gcc/arm-none-eabi/11.3.1/../../../../arm-none-eabi/lib/thumb/v7-m/nofp\libc_nano.a(libc_a-impure.o)
                              D:/STM32CubeIDE_1.13.1/STM32CubeIDE/plugins/com.st.stm32cube.ide.mcu.externaltools.gnu-tools-for-stm32.11.3.rel1.win32_1.1.0.202305231506/tools/bin/../lib/gcc/arm-none-eabi/11.3.1/../../../../arm-none-eabi/lib/thumb/v7-m/nofp\libc_nano.a(libc_a-reent.o) (_impure_ptr)
D:/STM32CubeIDE_1.13.1/STM32CubeIDE/plugins/com.st.stm32cube.ide.mcu.externaltools.gnu-tools-for-stm32.11.3.rel1.win32_1.1.0.202305231506/tools/bin/../lib/gcc/arm-none-eabi/11.3.1/../../../../arm-none-eabi/lib/thumb/v7-m/nofp\libc_nano.a(libc_a-lseekr.o)
                              D:/STM32CubeIDE_1.13.1/STM32CubeIDE/plugins/com.st.stm32cube.ide.mcu.externaltools.gnu-tools-for-stm32.11.3.rel1.win32_1.1.0.202305231506/tools/bin/../lib/gcc/arm-none-eabi/11.3.1/../../../../arm-none-eabi/lib/thumb/v7-m/nofp\libc_nano.a(libc_a-stdio.o) (_lseek_r)
[...]
Memory Configuration

Name             Origin             Length             Attributes
RAM              0x0000000020000000 0x0000000000002800 xrw
FLASH            0x0000000008000000 0x0000000000008000 xr
*default*        0x0000000000000000 0xffffffffffffffff

Linker script and memory map

LOAD D:/STM32CubeIDE_1.13.1/STM32CubeIDE/plugins/com.st.stm32cube.ide.mcu.externaltools.gnu-tools-for-stm32.11.3.rel1.win32_1.1.0.202305231506/tools/bin/../lib/gcc/arm-none-eabi/11.3.1/thumb/v7-m/nofp/crti.o
LOAD D:/STM32CubeIDE_1.13.1/STM32CubeIDE/plugins/com.st.stm32cube.ide.mcu.externaltools.gnu-tools-for-stm32.11.3.rel1.win32_1.1.0.202305231506/tools/bin/../lib/gcc/arm-none-eabi/11.3.1/thumb/v7-m/nofp/crtbegin.o
LOAD D:/STM32CubeIDE_1.13.1/STM32CubeIDE/plugins/com.st.stm32cube.ide.mcu.externaltools.gnu-tools-for-stm32.11.3.rel1.win32_1.1.0.202305231506/tools/bin/../lib/gcc/arm-none-eabi/11.3.1/../../../../arm-none-eabi/lib/thumb/v7-m/nofp/crt0.o
LOAD ./Core/Src/auto.o
LOAD ./Core/Src/button.o
LOAD ./Core/Src/display.o
LOAD ./Core/Src/global.o
LOAD ./Core/Src/main.o
LOAD ./Core/Src/manual.o
LOAD ./Core/Src/software_timer.o
LOAD ./Core/Src/stm32f1xx_hal_msp.o
LOAD ./Core/Src/stm32f1xx_it.o
LOAD ./Core/Src/syscalls.o
LOAD ./Core/Src/sysmem.o
LOAD ./Core/Src/system_stm32f1xx.o
LOAD ./Core/Startup/startup_stm32f103c6ux.o
LOAD ./Drivers/STM32F1xx_HAL_Driver/Src/stm32f1xx_hal.o
LOAD ./Drivers/STM32F1xx_HAL_Driver/Src/stm32f1xx_hal_cortex.o
LOAD ./Drivers/STM32F1xx_HAL_Driver/Src/stm32f1xx_hal_dma.o
LOAD ./Drivers/STM32F1xx_HAL_Driver/Src/stm32f1xx_hal_exti.o
LOAD ./Drivers/STM32F1xx_HAL_Driver/Src/stm32f1xx_hal_flash.o
LOAD ./Drivers/STM32F1xx_HAL_Driver/Src/stm32f1xx_hal_flash_ex.o
LOAD ./Drivers/STM32F1xx_HAL_Driver/Src/stm32f1xx_hal_gpio.o
LOAD ./Drivers/STM32F1xx_HAL_Driver/Src/stm32f1xx_hal_gpio_ex.o
LOAD ./Drivers/STM32F1xx_HAL_Driver/Src/stm32f1xx_hal_pwr.o
LOAD ./Drivers/STM32F1xx_HAL_Driver/Src/stm32f1xx_hal_rcc.o
LOAD ./Drivers/STM32F1xx_HAL_Driver/Src/stm32f1xx_hal_rcc_ex.o
LOAD ./Drivers/STM32F1xx_HAL_Driver/Src/stm32f1xx_hal_tim.o
LOAD ./Drivers/STM32F1xx_HAL_Driver/Src/stm32f1xx_hal_tim_ex.o
START GROUP
LOAD D:/STM32CubeIDE_1.13.1/STM32CubeIDE/plugins/com.st.stm32cube.ide.mcu.externaltools.gnu-tools-for-stm32.11.3.rel1.win32_1.1.0.202305231506/tools/bin/../lib/gcc/arm-none-eabi/11.3.1/../../../../arm-none-eabi/lib/thumb/v7-m/nofp\libc_nano.a
LOAD D:/STM32CubeIDE_1.13.1/STM32CubeIDE/plugins/com.st.stm32cube.ide.mcu.externaltools.gnu-tools-for-stm32.11.3.rel1.win32_1.1.0.202305231506/tools/bin/../lib/gcc/arm-none-eabi/11.3.1/../../../../arm-none-eabi/lib/thumb/v7-m/nofp\libm.a
END GROUP
START GROUP
LOAD D:/STM32CubeIDE_1.13.1/STM32CubeIDE/plugins/com.st.stm32cube.ide.mcu.externaltools.gnu-tools-for-stm32.11.3.rel1.win32_1.1.0.202305231506/tools/bin/../lib/gcc/arm-none-eabi/11.3.1/thumb/v7-m/nofp\libgcc.a
LOAD D:/STM32CubeIDE_1.13.1/STM32CubeIDE/plugins/com.st.stm32cube.ide.mcu.externaltools.gnu-tools-for-stm32.11.3.rel1.win32_1.1.0.202305231506/tools/bin/../lib/gcc/arm-none-eabi/11.3.1/../../../../arm-none-eabi/lib/thumb/v7-m/nofp\libc_nano.a
END GROUP
START GROUP
LOAD D:/STM32CubeIDE_1.13.1/STM32CubeIDE/plugins/com.st.stm32cube.ide.mcu.externaltools.gnu-tools-for-stm32.11.3.rel1.win32_1.1.0.202305231506/tools/bin/../lib/gcc/arm-none-eabi/11.3.1/thumb/v7-m/nofp\libgcc.a
LOAD D:/STM32CubeIDE_1.13.1/STM32CubeIDE/plugins/com.st.stm32cube.ide.mcu.externaltools.gnu-tools-for-stm32.11.3.rel1.win32_1.1.0.202305231506/tools/bin/../lib/gcc/arm-none-eabi/11.3.1/../../../../arm-none-eabi/lib/thumb/v7-m/nofp\libc_nano.a
LOAD D:/STM32CubeIDE_1.13.1/STM32CubeIDE/plugins/com.st.stm32cube.ide.mcu.externaltools.gnu-tools-for-stm32.11.3.rel1.win32_1.1.0.202305231506/tools/bin/../lib/gcc/arm-none-eabi/11.3.1/../../../../arm-none-eabi/lib/thumb/v7-m/nofp\libnosys.a
END GROUP
START GROUP
LOAD D:/STM32CubeIDE_1.13.1/STM32CubeIDE/plugins/com.st.stm32cube.ide.mcu.externaltools.gnu-tools-for-stm32.11.3.rel1.win32_1.1.0.202305231506/tools/bin/../lib/gcc/arm-none-eabi/11.3.1/thumb/v7-m/nofp\libgcc.a
LOAD D:/STM32CubeIDE_1.13.1/STM32CubeIDE/plugins/com.st.stm32cube.ide.mcu.externaltools.gnu-tools-for-stm32.11.3.rel1.win32_1.1.0.202305231506/tools/bin/../lib/gcc/arm-none-eabi/11.3.1/../../../../arm-none-eabi/lib/thumb/v7-m/nofp\libc_nano.a
LOAD D:/STM32CubeIDE_1.13.1/STM32CubeIDE/plugins/com.st.stm32cube.ide.mcu.externaltools.gnu-tools-for-stm32.11.3.rel1.win32_1.1.0.202305231506/tools/bin/../lib/gcc/arm-none-eabi/11.3.1/../../../../arm-none-eabi/lib/thumb/v7-m/nofp\libnosys.a
END GROUP
LOAD D:/STM32CubeIDE_1.13.1/STM32CubeIDE/plugins/com.st.stm32cube.ide.mcu.externaltools.gnu-tools-for-stm32.11.3.rel1.win32_1.1.0.202305231506/tools/bin/../lib/gcc/arm-none-eabi/11.3.1/thumb/v7-m/nofp/crtend.o
LOAD D:/STM32CubeIDE_1.13.1/STM32CubeIDE/plugins/com.st.stm32cube.ide.mcu.externaltools.gnu-tools-for-stm32.11.3.rel1.win32_1.1.0.202305231506/tools/bin/../lib/gcc/arm-none-eabi/11.3.1/thumb/v7-m/nofp/crtn.o
                0x0000000020002800                _estack = (ORIGIN (RAM) + LENGTH (RAM))
                0x0000000000000200                _Min_Heap_Size = 0x200
                0x0000000000000400                _Min_Stack_Size = 0x400

.isr_vector     0x0000000008000000      0x10c
                0x0000000008000000                . = ALIGN (0x4)
 *(.isr_vector)
 .isr_vector    0x0000000008000000      0x10c ./Core/Startup/startup_stm32f103c6ux.o
                0x0000000008000000                g_pfnVectors
                0x000000000800010c                . = ALIGN (0x4)

.text           0x000000000800010c     0x2c24
                0x000000000800010c                . = ALIGN (0x4)
 *(.text)
 .text          0x000000000800010c       0x40 D:/STM32CubeIDE_1.13.1/STM32CubeIDE/plugins/com.st.stm32cube.ide.mcu.externaltools.gnu-tools-for-stm32.11.3.rel1.win32_1.1.0.202305231506/tools/bin/../lib/gcc/arm-none-eabi/11.3.1/thumb/v7-m/nofp/crtbegin.o
 *(.text*)
 .text.auto_run
                0x000000000800014c      0x2c4 ./Core/Src/auto.o
                0x000000000800014c                auto_run
 .text.isButtonPressed
                0x0000000008000410       0x34 ./Core/Src/button.o
                0x0000000008000410                isButtonPressed
 .text.subKeyProcess
                0x0000000008000444       0x20 ./Core/Src/button.o
                0x0000000008000444                subKeyProcess
 .text.getKeyInput
                0x0000000008000464      0x100 ./Core/Src/button.o
                0x0000000008000464                getKeyInput
 .text.displayFirstLedCouple
                0x0000000008000564       0xb8 ./Core/Src/display.o
                0x0000000008000564                displayFirstLedCouple
 .text.displaySecondLedCouple
                0x000000000800061c       0xb8 ./Core/Src/display.o
                0x000000000800061c                displaySecondLedCouple
 .text.toggleLeds
                0x00000000080006d4       0x60 ./Core/Src/display.o
                0x00000000080006d4                toggleLeds
 .text.displaySEG7_1
                0x0000000008000734      0x320 ./Core/Src/display.o
                0x0000000008000734                displaySEG7_1
 .text.displaySEG7_2
                0x0000000008000a54      0x398 ./Core/Src/display.o
                0x0000000008000a54                displaySEG7_2
 .text.enable0  0x0000000008000dec       0x24 ./Core/Src/display.o
                0x0000000008000dec                enable0
 .text.enable1  0x0000000008000e10       0x24 ./Core/Src/display.o
                0x0000000008000e10                enable1
 .text.enable2  0x0000000008000e34       0x24 ./Core/Src/display.o
                0x0000000008000e34                enable2
 .text.enable3  0x0000000008000e58       0x24 ./Core/Src/display.o
                0x0000000008000e58                enable3
 .text.enable4  0x0000000008000e7c       0x24 ./Core/Src/display.o
                0x0000000008000e7c                enable4
 .text.enable5  0x0000000008000ea0       0x24 ./Core/Src/display.o
                0x0000000008000ea0                enable5
 .text.showTimeDelay_First
                0x0000000008000ec4       0x54 ./Core/Src/display.o
                0x0000000008000ec4                showTimeDelay_First
 .text.showTimeDelay_Second
                0x0000000008000f18       0x68 ./Core/Src/display.o
                0x0000000008000f18                showTimeDelay_Second
 .text.showTimeDelay1
                0x0000000008000f80       0x34 ./Core/Src/display.o
                0x0000000008000f80                showTimeDelay1
 .text.showTimeDelay2
                0x0000000008000fb4       0x3c ./Core/Src/display.o
                0x0000000008000fb4                showTimeDelay2
 .text.setValues
                0x0000000008000ff0       0x68 ./Core/Src/global.o
                0x0000000008000ff0                setValues
 .text.main     0x0000000008001058       0x34 ./Core/Src/main.o
                0x0000000008001058                main
 .text.SystemClock_Config
                0x000000000800108c       0x76 ./Core/Src/main.o
                0x000000000800108c                SystemClock_Config
 *fill*         0x0000000008001102        0x2 
 .text.MX_TIM2_Init
                0x0000000008001104       0x98 ./Core/Src/main.o
 .text.MX_GPIO_Init
                0x000000000800119c       0xd0 ./Core/Src/main.o
 .text.HAL_TIM_PeriodElapsedCallback
                0x000000000800126c       0x4a ./Core/Src/main.o
                0x000000000800126c                HAL_TIM_PeriodElapsedCallback
 .text.Error_Handler
                0x00000000080012b6        0xa ./Core/Src/main.o
                0x00000000080012b6                Error_Handler
 .text.displayIncrease
                0x00000000080012c0       0x40 ./Core/Src/manual.o
                0x00000000080012c0                displayIncrease
 .text.manual_run
                0x0000000008001300      0x204 ./Core/Src/manual.o
                0x0000000008001300                manual_run
 .text.setTimer
                0x0000000008001504       0x30 ./Core/Src/software_timer.o
                0x0000000008001504                setTimer
 .text.timerRun
                0x0000000008001534       0x50 ./Core/Src/software_timer.o
                0x0000000008001534                timerRun
 .text.HAL_MspInit
                0x0000000008001584       0x44 ./Core/Src/stm32f1xx_hal_msp.o
                0x0000000008001584                HAL_MspInit
 .text.HAL_TIM_Base_MspInit
                0x00000000080015c8       0x48 ./Core/Src/stm32f1xx_hal_msp.o
                0x00000000080015c8                HAL_TIM_Base_MspInit
 .text.NMI_Handler
                0x0000000008001610        0x6 ./Core/Src/stm32f1xx_it.o
                0x0000000008001610                NMI_Handler
 .text.HardFault_Handler
                0x0000000008001616        0x6 ./Core/Src/stm32f1xx_it.o
                0x0000000008001616                HardFault_Handler
 .text.MemManage_Handler
                0x000000000800161c        0x6 ./Core/Src/stm32f1xx_it.o
                0x000000000800161c                MemManage_Handler
 .text.BusFault_Handler
                0x0000000008001622        0x6 ./Core/Src/stm32f1xx_it.o
                0x0000000008001622                BusFault_Handler
 .text.UsageFault_Handler
                0x0000000008001628        0x6 ./Core/Src/stm32f1xx_it.o
                0x0000000008001628                UsageFault_Handler
 .text.SVC_Handler
                0x000000000800162e        0xc ./Core/Src/stm32f1xx_it.o
                0x000000000800162e                SVC_Handler
 .text.DebugMon_Handler
                0x000000000800163a        0xc ./Core/Src/stm32f1xx_it.o
                0x000000000800163a                DebugMon_Handler
 .text.PendSV_Handler
                0x0000000008001646        0xc ./Core/Src/stm32f1xx_it.o
                0x0000000008001646                PendSV_Handler
 .text.SysTick_Handler
                0x0000000008001652        0xc ./Core/Src/stm32f1xx_it.o
                0x0000000008001652                SysTick_Handler
 *fill*         0x000000000800165e        0x2 
 .text.TIM2_IRQHandler
                0x0000000008001660       0x14 ./Core/Src/stm32f1xx_it.o
                0x0000000008001660                TIM2_IRQHandler
 .text.SystemInit
                0x0000000008001674        0xc ./Core/Src/system_stm32f1xx.o
                0x0000000008001674                SystemInit
 .text.Reset_Handler
                0x0000000008001680       0x48 ./Core/Startup/startup_stm32f103c6ux.o
                0x0000000008001680                Reset_Handler
 .text.Default_Handler
                0x00000000080016c8        0x2 ./Core/Startup/startup_stm32f103c6ux.o
                0x00000000080016c8                RTC_Alarm_IRQHandler
                0x00000000080016c8                EXTI2_IRQHandler
                0x00000000080016c8                TIM1_CC_IRQHandler
                0x00000000080016c8                PVD_IRQHandler
                0x00000000080016c8                EXTI3_IRQHandler
                0x00000000080016c8                EXTI0_IRQHandler
                0x00000000080016c8                ADC1_2_IRQHandler
                0x00000000080016c8                SPI1_IRQHandler
                0x00000000080016c8                TAMPER_IRQHandler
                0x00000000080016c8                DMA1_Channel4_IRQHandler
                0x00000000080016c8                RTC_IRQHandler
                0x00000000080016c8                DMA1_Channel7_IRQHandler
                0x00000000080016c8                CAN1_RX1_IRQHandler
                0x00000000080016c8                I2C1_EV_IRQHandler
                0x00000000080016c8                DMA1_Channel6_IRQHandler
                0x00000000080016c8                TIM3_IRQHandler
                0x00000000080016c8                RCC_IRQHandler
                0x00000000080016c8                TIM1_TRG_COM_IRQHandler
                0x00000000080016c8                DMA1_Channel1_IRQHandler
                0x00000000080016c8                Default_Handler
                0x00000000080016c8                EXTI15_10_IRQHandler
                0x00000000080016c8                EXTI9_5_IRQHandler
                0x00000000080016c8                DMA1_Channel5_IRQHandler
                0x00000000080016c8                EXTI4_IRQHandler
                0x00000000080016c8                USB_LP_CAN1_RX0_IRQHandler
                0x00000000080016c8                USB_HP_CAN1_TX_IRQHandler
                0x00000000080016c8                DMA1_Channel3_IRQHandler
                0x00000000080016c8                TIM1_UP_IRQHandler
                0x00000000080016c8                WWDG_IRQHandler
                0x00000000080016c8                TIM1_BRK_IRQHandler
                0x00000000080016c8                EXTI1_IRQHandler
                0x00000000080016c8                USART2_IRQHandler
                0x00000000080016c8                DMA1_Channel2_IRQHandler
                0x00000000080016c8                CAN1_SCE_IRQHandler
                0x00000000080016c8                FLASH_IRQHandler
                0x00000000080016c8                USART1_IRQHandler
                0x00000000080016c8                I2C1_ER_IRQHandler
                0x00000000080016c8                USBWakeUp_IRQHandler
 *fill*         0x00000000080016ca        0x2 
 .text.HAL_Init
                0x00000000080016cc       0x2c ./Drivers/STM32F1xx_HAL_Driver/Src/stm32f1xx_hal.o
                0x00000000080016cc                HAL_Init
 .text.HAL_InitTick
                0x00000000080016f8       0x60 ./Drivers/STM32F1xx_HAL_Driver/Src/stm32f1xx_hal.o
                0x00000000080016f8                HAL_InitTick
 .text.HAL_IncTick
                0x0000000008001758       0x24 ./Drivers/STM32F1xx_HAL_Driver/Src/stm32f1xx_hal.o
                0x0000000008001758                HAL_IncTick
 .text.HAL_GetTick
                0x000000000800177c       0x14 ./Drivers/STM32F1xx_HAL_Driver/Src/stm32f1xx_hal.o
                0x000000000800177c                HAL_GetTick
 .text.__NVIC_SetPriorityGrouping
                0x0000000008001790       0x48 ./Drivers/STM32F1xx_HAL_Driver/Src/stm32f1xx_hal_cortex.o
 .text.__NVIC_GetPriorityGrouping
                0x00000000080017d8       0x1c ./Drivers/STM32F1xx_HAL_Driver/Src/stm32f1xx_hal_cortex.o
 .text.__NVIC_EnableIRQ
                0x00000000080017f4       0x38 ./Drivers/STM32F1xx_HAL_Driver/Src/stm32f1xx_hal_cortex.o
 .text.__NVIC_SetPriority
                0x000000000800182c       0x54 ./Drivers/STM32F1xx_HAL_Driver/Src/stm32f1xx_hal_cortex.o
 .text.NVIC_EncodePriority
                0x0000000008001880       0x64 ./Drivers/STM32F1xx_HAL_Driver/Src/stm32f1xx_hal_cortex.o
 .text.SysTick_Config
                0x00000000080018e4       0x44 ./Drivers/STM32F1xx_HAL_Driver/Src/stm32f1xx_hal_cortex.o
 .text.HAL_NVIC_SetPriorityGrouping
                0x0000000008001928       0x16 ./Drivers/STM32F1xx_HAL_Driver/Src/stm32f1xx_hal_cortex.o
                0x0000000008001928                HAL_NVIC_SetPriorityGrouping
 .text.HAL_NVIC_SetPriority
                0x000000000800193e       0x38 ./Drivers/STM32F1xx_HAL_Driver/Src/stm32f1xx_hal_cortex.o
                0x000000000800193e                HAL_NVIC_SetPriority
 .text.HAL_NVIC_EnableIRQ
                0x0000000008001976       0x1c ./Drivers/STM32F1xx_HAL_Driver/Src/stm32f1xx_hal_cortex.o
                0x0000000008001976                HAL_NVIC_EnableIRQ
 .text.HAL_SYSTICK_Config
                0x0000000008001992       0x18 ./Drivers/STM32F1xx_HAL_Driver/Src/stm32f1xx_hal_cortex.o
                0x0000000008001992                HAL_SYSTICK_Config
 *fill*         0x00000000080019aa        0x2 
 .text.HAL_GPIO_Init
                0x00000000080019ac      0x2f8 ./Drivers/STM32F1xx_HAL_Driver/Src/stm32f1xx_hal_gpio.o
                0x00000000080019ac                HAL_GPIO_Init
 .text.HAL_GPIO_ReadPin
                0x0000000008001ca4       0x2e ./Drivers/STM32F1xx_HAL_Driver/Src/stm32f1xx_hal_gpio.o
                0x0000000008001ca4                HAL_GPIO_ReadPin
 .text.HAL_GPIO_WritePin
                0x0000000008001cd2       0x30 ./Drivers/STM32F1xx_HAL_Driver/Src/stm32f1xx_hal_gpio.o
                0x0000000008001cd2                HAL_GPIO_WritePin
 .text.HAL_GPIO_TogglePin
                0x0000000008001d02       0x32 ./Drivers/STM32F1xx_HAL_Driver/Src/stm32f1xx_hal_gpio.o
                0x0000000008001d02                HAL_GPIO_TogglePin
 .text.HAL_RCC_OscConfig
                0x0000000008001d34      0x504 ./Drivers/STM32F1xx_HAL_Driver/Src/stm32f1xx_hal_rcc.o
                0x0000000008001d34                HAL_RCC_OscConfig
 .text.HAL_RCC_ClockConfig
                0x0000000008002238      0x1d4 ./Drivers/STM32F1xx_HAL_Driver/Src/stm32f1xx_hal_rcc.o
                0x0000000008002238                HAL_RCC_ClockConfig
 .text.HAL_RCC_GetSysClockFreq
                0x000000000800240c       0xa8 ./Drivers/STM32F1xx_HAL_Driver/Src/stm32f1xx_hal_rcc.o
                0x000000000800240c                HAL_RCC_GetSysClockFreq
 .text.RCC_Delay
                0x00000000080024b4       0x3c ./Drivers/STM32F1xx_HAL_Driver/Src/stm32f1xx_hal_rcc.o
 .text.HAL_TIM_Base_Init
                0x00000000080024f0       0x9e ./Drivers/STM32F1xx_HAL_Driver/Src/stm32f1xx_hal_tim.o
                0x00000000080024f0                HAL_TIM_Base_Init
 *fill*         0x000000000800258e        0x2 
 .text.HAL_TIM_Base_Start_IT
                0x0000000008002590       0x98 ./Drivers/STM32F1xx_HAL_Driver/Src/stm32f1xx_hal_tim.o
                0x0000000008002590                HAL_TIM_Base_Start_IT
 .text.HAL_TIM_IRQHandler
                0x0000000008002628      0x210 ./Drivers/STM32F1xx_HAL_Driver/Src/stm32f1xx_hal_tim.o
                0x0000000008002628                HAL_TIM_IRQHandler
 .text.HAL_TIM_ConfigClockSource
                0x0000000008002838      0x18e ./Drivers/STM32F1xx_HAL_Driver/Src/stm32f1xx_hal_tim.o
                0x0000000008002838                HAL_TIM_ConfigClockSource
 .text.HAL_TIM_OC_DelayElapsedCallback
                0x00000000080029c6       0x12 ./Drivers/STM32F1xx_HAL_Driver/Src/stm32f1xx_hal_tim.o
                0x00000000080029c6                HAL_TIM_OC_DelayElapsedCallback
 .text.HAL_TIM_IC_CaptureCallback
                0x00000000080029d8       0x12 ./Drivers/STM32F1xx_HAL_Driver/Src/stm32f1xx_hal_tim.o
                0x00000000080029d8                HAL_TIM_IC_CaptureCallback
 .text.HAL_TIM_PWM_PulseFinishedCallback
                0x00000000080029ea       0x12 ./Drivers/STM32F1xx_HAL_Driver/Src/stm32f1xx_hal_tim.o
                0x00000000080029ea                HAL_TIM_PWM_PulseFinishedCallback
 .text.HAL_TIM_TriggerCallback
                0x00000000080029fc       0x12 ./Drivers/STM32F1xx_HAL_Driver/Src/stm32f1xx_hal_tim.o
                0x00000000080029fc                HAL_TIM_TriggerCallback
 *fill*         0x0000000008002a0e        0x2 
 .text.TIM_Base_SetConfig
                0x0000000008002a10       0xb0 ./Drivers/STM32F1xx_HAL_Driver/Src/stm32f1xx_hal_tim.o
                0x0000000008002a10                TIM_Base_SetConfig
 .text.TIM_TI1_ConfigInputStage
                0x0000000008002ac0       0x5c ./Drivers/STM32F1xx_HAL_Driver/Src/stm32f1xx_hal_tim.o
 .text.TIM_TI2_ConfigInputStage
                0x0000000008002b1c       0x5e ./Drivers/STM32F1xx_HAL_Driver/Src/stm32f1xx_hal_tim.o
 .text.TIM_ITRx_SetConfig
                0x0000000008002b7a       0x34 ./Drivers/STM32F1xx_HAL_Driver/Src/stm32f1xx_hal_tim.o
 .text.TIM_ETR_SetConfig
                0x0000000008002bae       0x3e ./Drivers/STM32F1xx_HAL_Driver/Src/stm32f1xx_hal_tim.o
                0x0000000008002bae                TIM_ETR_SetConfig
 .text.HAL_TIMEx_MasterConfigSynchronization
                0x0000000008002bec       0xb0 ./Drivers/STM32F1xx_HAL_Driver/Src/stm32f1xx_hal_tim_ex.o
                0x0000000008002bec                HAL_TIMEx_MasterConfigSynchronization
 .text.HAL_TIMEx_CommutCallback
                0x0000000008002c9c       0x12 ./Drivers/STM32F1xx_HAL_Driver/Src/stm32f1xx_hal_tim_ex.o
                0x0000000008002c9c                HAL_TIMEx_CommutCallback
 .text.HAL_TIMEx_BreakCallback
                0x0000000008002cae       0x12 ./Drivers/STM32F1xx_HAL_Driver/Src/stm32f1xx_hal_tim_ex.o
                0x0000000008002cae                HAL_TIMEx_BreakCallback
 .text.memset   0x0000000008002cc0       0x10 D:/STM32CubeIDE_1.13.1/STM32CubeIDE/plugins/com.st.stm32cube.ide.mcu.externaltools.gnu-tools-for-stm32.11.3.rel1.win32_1.1.0.202305231506/tools/bin/../lib/gcc/arm-none-eabi/11.3.1/../../../../arm-none-eabi/lib/thumb/v7-m/nofp\libc_nano.a(libc_a-memset.o)
                0x0000000008002cc0                memset
 .text.__libc_init_array
                0x0000000008002cd0       0x48 D:/STM32CubeIDE_1.13.1/STM32CubeIDE/plugins/com.st.stm32cube.ide.mcu.externaltools.gnu-tools-for-stm32.11.3.rel1.win32_1.1.0.202305231506/tools/bin/../lib/gcc/arm-none-eabi/11.3.1/../../../../arm-none-eabi/lib/thumb/v7-m/nofp\libc_nano.a(libc_a-init.o)
                0x0000000008002cd0                __libc_init_array
 *(.glue_7)
 .glue_7        0x0000000008002d18        0x0 linker stubs
 *(.glue_7t)
 .glue_7t       0x0000000008002d18        0x0 linker stubs
 *(.eh_frame)
 .eh_frame      0x0000000008002d18        0x0 D:/STM32CubeIDE_1.13.1/STM32CubeIDE/plugins/com.st.stm32cube.ide.mcu.externaltools.gnu-tools-for-stm32.11.3.rel1.win32_1.1.0.202305231506/tools/bin/../lib/gcc/arm-none-eabi/11.3.1/thumb/v7-m/nofp/crtbegin.o
 *(.init)
 .init          0x0000000008002d18        0x4 D:/STM32CubeIDE_1.13.1/STM32CubeIDE/plugins/com.st.stm32cube.ide.mcu.externaltools.gnu-tools-for-stm32.11.3.rel1.win32_1.1.0.202305231506/tools/bin/../lib/gcc/arm-none-eabi/11.3.1/thumb/v7-m/nofp/crti.o
                0x0000000008002d18                _init
 .init          0x0000000008002d1c        0x8 D:/STM32CubeIDE_1.13.1/STM32CubeIDE/plugins/com.st.stm32cube.ide.mcu.externaltools.gnu-tools-for-stm32.11.3.rel1.win32_1.1.0.202305231506/tools/bin/../lib/gcc/arm-none-eabi/11.3.1/thumb/v7-m/nofp/crtn.o
 *(.fini)
 .fini          0x0000000008002d24        0x4 D:/STM32CubeIDE_1.13.1/STM32CubeIDE/plugins/com.st.stm32cube.ide.mcu.externaltools.gnu-tools-for-stm32.11.3.rel1.win32_1.1.0.202305231506/tools/bin/../lib/gcc/arm-none-eabi/11.3.1/thumb/v7-m/nofp/crti.o
                0x0000000008002d24                _fini
 .fini          0x0000000008002d28        0x8 D:/STM32CubeIDE_1.13.1/STM32CubeIDE/plugins/com.st.stm32cube.ide.mcu.externaltools.gnu-tools-for-stm32.11.3.rel1.win32_1.1.0.202305231506/tools/bin/../lib/gcc/arm-none-eabi/11.3.1/thumb/v7-m/nofp/crtn.o
                0x0000000008002d30                . = ALIGN (0x4)
                0x0000000008002d30                _etext = .

.vfp11_veneer   0x0000000008002d30        0x0
 .vfp11_veneer  0x0000000008002d30        0x0 linker stubs

.v4_bx          0x0000000008002d30        0x0
 .v4_bx         0x0000000008002d30        0x0 linker stubs

.iplt           0x0000000008002d30        0x0
 .iplt          0x0000000008002d30        0x0 D:/STM32CubeIDE_1.13.1/STM32CubeIDE/plugins/com.st.stm32cube.ide.mcu.externaltools.gnu-tools-for-stm32.11.3.rel1.win32_1.1.0.202305231506/tools/bin/../lib/gcc/arm-none-eabi/11.3.1/thumb/v7-m/nofp/crtbegin.o

.rodata         0x0000000008002d30       0x24
                0x0000000008002d30                . = ALIGN (0x4)
 *(.rodata)
 *(.rodata*)
 .rodata.AHBPrescTable
                0x0000000008002d30       0x10 ./Core/Src/system_stm32f1xx.o
                0x0000000008002d30                AHBPrescTable
 .rodata.aPLLMULFactorTable.1
                0x0000000008002d40       0x10 ./Drivers/STM32F1xx_HAL_Driver/Src/stm32f1xx_hal_rcc.o
 .rodata.aPredivFactorTable.0
                0x0000000008002d50        0x2 ./Drivers/STM32F1xx_HAL_Driver/Src/stm32f1xx_hal_rcc.o
                0x0000000008002d54                . = ALIGN (0x4)
 *fill*         0x0000000008002d52        0x2 

.rel.dyn        0x0000000008002d54        0x0
 .rel.iplt      0x0000000008002d54        0x0 D:/STM32CubeIDE_1.13.1/STM32CubeIDE/plugins/com.st.stm32cube.ide.mcu.externaltools.gnu-tools-for-stm32.11.3.rel1.win32_1.1.0.202305231506/tools/bin/../lib/gcc/arm-none-eabi/11.3.1/thumb/v7-m/nofp/crtbegin.o

.ARM.extab      0x0000000008002d54        0x0
                0x0000000008002d54                . = ALIGN (0x4)
 *(.ARM.extab* .gnu.linkonce.armextab.*)
                0x0000000008002d54                . = ALIGN (0x4)

.ARM            0x0000000008002d54        0x0
                0x0000000008002d54                . = ALIGN (0x4)
                0x0000000008002d54                __exidx_start = .
 *(.ARM.exidx*)
                0x0000000008002d54                __exidx_end = .
                0x0000000008002d54                . = ALIGN (0x4)

.preinit_array  0x0000000008002d54        0x0
                0x0000000008002d54                . = ALIGN (0x4)
                0x0000000008002d54                PROVIDE (__preinit_array_start = .)
 *(.preinit_array*)
                0x0000000008002d54                PROVIDE (__preinit_array_end = .)
                0x0000000008002d54                . = ALIGN (0x4)

.init_array     0x0000000008002d54        0x4
                0x0000000008002d54                . = ALIGN (0x4)
                0x0000000008002d54                PROVIDE (__init_array_start = .)
 *(SORT_BY_NAME(.init_array.*))
 *(.init_array*)
 .init_array    0x0000000008002d54        0x4 D:/STM32CubeIDE_1.13.1/STM32CubeIDE/plugins/com.st.stm32cube.ide.mcu.externaltools.gnu-tools-for-stm32.11.3.rel1.win32_1.1.0.202305231506/tools/bin/../lib/gcc/arm-none-eabi/11.3.1/thumb/v7-m/nofp/crtbegin.o
                0x0000000008002d58                PROVIDE (__init_array_end = .)
                0x0000000008002d58                . = ALIGN (0x4)

.fini_array     0x0000000008002d58        0x4
                0x0000000008002d58                . = ALIGN (0x4)
                [!provide]                        PROVIDE (__fini_array_start = .)
 *(SORT_BY_NAME(.fini_array.*))
 *(.fini_array*)
 .fini_array    0x0000000008002d58        0x4 D:/STM32CubeIDE_1.13.1/STM32CubeIDE/plugins/com.st.stm32cube.ide.mcu.externaltools.gnu-tools-for-stm32.11.3.rel1.win32_1.1.0.202305231506/tools/bin/../lib/gcc/arm-none-eabi/11.3.1/thumb/v7-m/nofp/crtbegin.o
                [!provide]                        PROVIDE (__fini_array_end = .)
                0x0000000008002d5c                . = ALIGN (0x4)
                0x0000000008002d5c                _sidata = LOADADDR (.data)

.data           0x0000000020000000       0x58 load address 0x0000000008002d5c
                0x0000000020000000                . = ALIGN (0x4)
                0x0000000020000000                _sdata = .
 *(.data)
 *(.data*)
 .data.buttonsArr
                0x0000000020000000        0xc ./Core/Src/button.o
                0x0000000020000000                buttonsArr
 .data.KeyReg0  0x000000002000000c        0xc ./Core/Src/button.o
                0x000000002000000c                KeyReg0
 .data.KeyReg1  0x0000000020000018        0xc ./Core/Src/button.o
                0x0000000020000018                KeyReg1
 .data.KeyReg2  0x0000000020000024        0xc ./Core/Src/button.o
                0x0000000020000024                KeyReg2
 .data.KeyReg3  0x0000000020000030        0xc ./Core/Src/button.o
                0x0000000020000030                KeyReg3
 .data.TimeOutForKeyPress
                0x000000002000003c        0x4 ./Core/Src/button.o
                0x000000002000003c                TimeOutForKeyPress
 .data.redDelay
                0x0000000020000040        0x4 ./Core/Src/global.o
                0x0000000020000040                redDelay
 .data.greenDelay
                0x0000000020000044        0x4 ./Core/Src/global.o
                0x0000000020000044                greenDelay
 .data.yellowDelay
                0x0000000020000048        0x4 ./Core/Src/global.o
                0x0000000020000048                yellowDelay
 .data.SystemCoreClock
                0x000000002000004c        0x4 ./Core/Src/system_stm32f1xx.o
                0x000000002000004c                SystemCoreClock
 .data.uwTickPrio
                0x0000000020000050        0x4 ./Drivers/STM32F1xx_HAL_Driver/Src/stm32f1xx_hal.o
                0x0000000020000050                uwTickPrio
 .data.uwTickFreq
                0x0000000020000054        0x1 ./Drivers/STM32F1xx_HAL_Driver/Src/stm32f1xx_hal.o
                0x0000000020000054                uwTickFreq
 *(.RamFunc)
 *(.RamFunc*)
                0x0000000020000058                . = ALIGN (0x4)
 *fill*         0x0000000020000055        0x3 
                0x0000000020000058                _edata = .

.igot.plt       0x0000000020000058        0x0 load address 0x0000000008002db4
 .igot.plt      0x0000000020000058        0x0 D:/STM32CubeIDE_1.13.1/STM32CubeIDE/plugins/com.st.stm32cube.ide.mcu.externaltools.gnu-tools-for-stm32.11.3.rel1.win32_1.1.0.202305231506/tools/bin/../lib/gcc/arm-none-eabi/11.3.1/thumb/v7-m/nofp/crtbegin.o
                0x0000000020000058                . = ALIGN (0x4)

.bss            0x0000000020000058       0xd4 load address 0x0000000008002db4
                0x0000000020000058                _sbss = .
                0x0000000020000058                __bss_start__ = _sbss
 *(.bss)
 .bss           0x0000000020000058       0x1c D:/STM32CubeIDE_1.13.1/STM32CubeIDE/plugins/com.st.stm32cube.ide.mcu.externaltools.gnu-tools-for-stm32.11.3.rel1.win32_1.1.0.202305231506/tools/bin/../lib/gcc/arm-none-eabi/11.3.1/thumb/v7-m/nofp/crtbegin.o
 *(.bss*)
 .bss.button_flag
                0x0000000020000074        0xc ./Core/Src/button.o
                0x0000000020000074                button_flag
 .bss.MODE      0x0000000020000080        0x1 ./Core/Src/global.o
                0x0000000020000080                MODE
 .bss.autostate
                0x0000000020000081        0x1 ./Core/Src/global.o
                0x0000000020000081                autostate
 .bss.modeSeg   0x0000000020000082        0x1 ./Core/Src/global.o
                0x0000000020000082                modeSeg
 .bss.firstCoupleLedAutoState
                0x0000000020000083        0x1 ./Core/Src/global.o
                0x0000000020000083                firstCoupleLedAutoState
 .bss.secondCoupleLedAutoState
                0x0000000020000084        0x1 ./Core/Src/global.o
                0x0000000020000084                secondCoupleLedAutoState
 .bss.seg7AutoState
                0x0000000020000085        0x1 ./Core/Src/global.o
                0x0000000020000085                seg7AutoState
 *fill*         0x0000000020000086        0x2 
 .bss.countdownFirstCoupleLed
                0x0000000020000088        0x4 ./Core/Src/global.o
                0x0000000020000088                countdownFirstCoupleLed
 .bss.countdownSecondCoupleLed
                0x000000002000008c        0x4 ./Core/Src/global.o
                0x000000002000008c                countdownSecondCoupleLed
 .bss.htim2     0x0000000020000090       0x48 ./Core/Src/main.o
                0x0000000020000090                htim2
 .bss.timer_counter
                0x00000000200000d8       0x28 ./Core/Src/software_timer.o
                0x00000000200000d8                timer_counter
 .bss.timer_flag
                0x0000000020000100       0x28 ./Core/Src/software_timer.o
                0x0000000020000100                timer_flag
 .bss.uwTick    0x0000000020000128        0x4 ./Drivers/STM32F1xx_HAL_Driver/Src/stm32f1xx_hal.o
                0x0000000020000128                uwTick
 *(COMMON)
                0x000000002000012c                . = ALIGN (0x4)
                0x000000002000012c                _ebss = .
                0x000000002000012c                __bss_end__ = _ebss

._user_heap_stack
                0x000000002000012c      0x604 load address 0x0000000008002db4
                0x0000000020000130                . = ALIGN (0x8)
 *fill*         0x000000002000012c        0x4 
                [!provide]                        PROVIDE (end = .)
                0x0000000020000130                PROVIDE (_end = .)
                0x0000000020000330                . = (. + _Min_Heap_Size)
 *fill*         0x0000000020000130      0x200 
                0x0000000020000730                . = (. + _Min_Stack_Size)
 *fill*         0x0000000020000330      0x400 
                0x0000000020000730                . = ALIGN (0x8)

/DISCARD/
 libc.a(*)
 libm.a(*)
 libgcc.a(*)

.ARM.attributes
                0x0000000000000000       0x29
 *(.ARM.attributes)
 .ARM.attributes
                0x0000000000000000       0x1d D:/STM32CubeIDE_1.13.1/STM32CubeIDE/plugins/com.st.stm32cube.ide.mcu.externaltools.gnu-tools-for-stm32.11.3.rel1.win32_1.1.0.202305231506/tools/bin/../lib/gcc/arm-none-eabi/11.3.1/thumb/v7-m/nofp/crti.o
 .ARM.attributes
                0x000000000000001d       0x2d D:/STM32CubeIDE_1.13.1/STM32CubeIDE/plugins/com.st.stm32cube.ide.mcu.externaltools.gnu-tools-for-stm32.11.3.rel1.win32_1.1.0.202305231506/tools/bin/../lib/gcc/arm-none-eabi/11.3.1/thumb/v7-m/nofp/crtbegin.o
 .ARM.attributes
                0x000000000000004a       0x2d ./Core/Src/auto.o
 .ARM.attributes
                0x0000000000000077       0x2d ./Core/Src/button.o
 .ARM.attributes
                0x00000000000000a4       0x2d ./Core/Src/display.o
 .ARM.attributes
                0x00000000000000d1       0x2d ./Core/Src/global.o
 .ARM.attributes
                0x00000000000000fe       0x2d ./Core/Src/main.o
 .ARM.attributes
                0x000000000000012b       0x2d ./Core/Src/manual.o
 .ARM.attributes
                0x0000000000000158       0x2d ./Core/Src/software_timer.o
 .ARM.attributes
                0x0000000000000185       0x2d ./Core/Src/stm32f1xx_hal_msp.o
 .ARM.attributes
                0x00000000000001b2       0x2d ./Core/Src/stm32f1xx_it.o
 .ARM.attributes
                0x00000000000001df       0x2d ./Core/Src/system_stm32f1xx.o
 .ARM.attributes
                0x000000000000020c       0x21 ./Core/Startup/startup_stm32f103c6ux.o
 .ARM.attributes
                0x000000000000022d       0x2d ./Drivers/STM32F1xx_HAL_Driver/Src/stm32f1xx_hal.o
 .ARM.attributes
                0x000000000000025a       0x2d ./Drivers/STM32F1xx_HAL_Driver/Src/stm32f1xx_hal_cortex.o
 .ARM.attributes
                0x0000000000000287       0x2d ./Drivers/STM32F1xx_HAL_Driver/Src/stm32f1xx_hal_gpio.o
 .ARM.attributes
                0x00000000000002b4       0x2d ./Drivers/STM32F1xx_HAL_Driver/Src/stm32f1xx_hal_rcc.o
 .ARM.attributes
                0x00000000000002e1       0x2d ./Drivers/STM32F1xx_HAL_Driver/Src/stm32f1xx_hal_tim.o
 .ARM.attributes
                0x000000000000030e       0x2d ./Drivers/STM32F1xx_HAL_Driver/Src/stm32f1xx_hal_tim_ex.o
 .ARM.attributes
                0x000000000000033b       0x2d D:/STM32CubeIDE_1.13.1/STM32CubeIDE/plugins/com.st.stm32cube.ide.mcu.externaltools.gnu-tools-for-stm32.11.3.rel1.win32_1.1.0.202305231506/tools/bin/../lib/gcc/arm-none-eabi/11.3.1/../../../../arm-none-eabi/lib/thumb/v7-m/nofp\libc_nano.a(libc_a-memset.o)
 .ARM.attributes
                0x0000000000000368       0x2d D:/STM32CubeIDE_1.13.1/STM32CubeIDE/plugins/com.st.stm32cube.ide.mcu.externaltools.gnu-tools-for-stm32.11.3.rel1.win32_1.1.0.202305231506/tools/bin/../lib/gcc/arm-none-eabi/11.3.1/../../../../arm-none-eabi/lib/thumb/v7-m/nofp\libc_nano.a(libc_a-init.o)
 .ARM.attributes
                0x0000000000000395       0x1d D:/STM32CubeIDE_1.13.1/STM32CubeIDE/plugins/com.st.stm32cube.ide.mcu.externaltools.gnu-tools-for-stm32.11.3.rel1.win32_1.1.0.202305231506/tools/bin/../lib/gcc/arm-none-eabi/11.3.1/thumb/v7-m/nofp/crtn.o
OUTPUT(MCU_Lab3.elf elf32-littlearm)
LOAD linker stubs
LOAD D:/STM32CubeIDE_1.13.1/STM32CubeIDE/plugins/com.st.stm32cube.ide.mcu.externaltools.gnu-tools-for-stm32.11.3.rel1.win32_1.1.0.202305231506/tools/bin/../lib/gcc/arm-none-eabi/11.3.1/../../../../arm-none-eabi/lib/thumb/v7-m/nofp\libc.a
LOAD D:/STM32CubeIDE_1.13.1/STM32CubeIDE/plugins/com.st.stm32cube.ide.mcu.externaltools.gnu-tools-for-stm32.11.3.rel1.win32_1.1.0.202305231506/tools/bin/../lib/gcc/arm-none-eabi/11.3.1/../../../../arm-none-eabi/lib/thumb/v7-m/nofp\libm.a
LOAD D:/STM32CubeIDE_1.13.1/STM32CubeIDE/plugins/com.st.stm32cube.ide.mcu.externaltools.gnu-tools-for-stm32.11.3.rel1.win32_1.1.0.202305231506/tools/bin/../lib/gcc/arm-none-eabi/11.3.1/thumb/v7-m/nofp\libgcc.a

.comment        0x0000000000000000       0x43
 .comment       0x0000000000000000       0x43 D:/STM32CubeIDE_1.13.1/STM32CubeIDE/plugins/com.st.stm32cube.ide.mcu.externaltools.gnu-tools-for-stm32.11.3.rel1.win32_1.1.0.202305231506/tools/bin/../lib/gcc/arm-none-eabi/11.3.1/thumb/v7-m/nofp/crtbegin.o
                                         0x44 (size before relaxing)
 .comment       0x0000000000000043       0x44 ./Core/Src/auto.o
 .comment       0x0000000000000043       0x44 ./Core/Src/button.o
 .comment       0x0000000000000043       0x44 ./Core/Src/display.o
 .comment       0x0000000000000043       0x44 ./Core/Src/global.o
 .comment       0x0000000000000043       0x44 ./Core/Src/main.o
 .comment       0x0000000000000043       0x44 ./Core/Src/manual.o
 .comment       0x0000000000000043       0x44 ./Core/Src/software_timer.o
 .comment       0x0000000000000043       0x44 ./Core/Src/stm32f1xx_hal_msp.o
 .comment       0x0000000000000043       0x44 ./Core/Src/stm32f1xx_it.o
 .comment       0x0000000000000043       0x44 ./Core/Src/system_stm32f1xx.o
 .comment       0x0000000000000043       0x44 ./Drivers/STM32F1xx_HAL_Driver/Src/stm32f1xx_hal.o
 .comment       0x0000000000000043       0x44 ./Drivers/STM32F1xx_HAL_Driver/Src/stm32f1xx_hal_cortex.o
 .comment       0x0000000000000043       0x44 ./Drivers/STM32F1xx_HAL_Driver/Src/stm32f1xx_hal_gpio.o
 .comment       0x0000000000000043       0x44 ./Drivers/STM32F1xx_HAL_Driver/Src/stm32f1xx_hal_rcc.o
 .comment       0x0000000000000043       0x44 ./Drivers/STM32F1xx_HAL_Driver/Src/stm32f1xx_hal_tim.o
 .comment       0x0000000000000043       0x44 ./Drivers/STM32F1xx_HAL_Driver/Src/stm32f1xx_hal_tim_ex.o

.debug_info     0x0000000000000000     0x888e
 .debug_info    0x0000000000000000      0x305 ./Core/Src/auto.o
 .debug_info    0x0000000000000305      0x26a ./Core/Src/button.o
 .debug_info    0x000000000000056f      0x376 ./Core/Src/display.o
 .debug_info    0x00000000000008e5      0x22e ./Core/Src/global.o
 .debug_info    0x0000000000000b13      0xbd8 ./Core/Src/main.o
 .debug_info    0x00000000000016eb      0x2c3 ./Core/Src/manual.o
 .debug_info    0x00000000000019ae       0xc9 ./Core/Src/software_timer.o
 .debug_info    0x0000000000001a77      0x88c ./Core/Src/stm32f1xx_hal_msp.o
 .debug_info    0x0000000000002303      0x6a1 ./Core/Src/stm32f1xx_it.o
 .debug_info    0x00000000000029a4      0x222 ./Core/Src/system_stm32f1xx.o
 .debug_info    0x0000000000002bc6       0x23 ./Core/Startup/startup_stm32f103c6ux.o
 .debug_info    0x0000000000002be9      0x6e6 ./Drivers/STM32F1xx_HAL_Driver/Src/stm32f1xx_hal.o
 .debug_info    0x00000000000032cf      0xa69 ./Drivers/STM32F1xx_HAL_Driver/Src/stm32f1xx_hal_cortex.o
 .debug_info    0x0000000000003d38      0x5ab ./Drivers/STM32F1xx_HAL_Driver/Src/stm32f1xx_hal_gpio.o
 .debug_info    0x00000000000042e3      0x7d5 ./Drivers/STM32F1xx_HAL_Driver/Src/stm32f1xx_hal_rcc.o
 .debug_info    0x0000000000004ab8     0x293b ./Drivers/STM32F1xx_HAL_Driver/Src/stm32f1xx_hal_tim.o
 .debug_info    0x00000000000073f3     0x149b ./Drivers/STM32F1xx_HAL_Driver/Src/stm32f1xx_hal_tim_ex.o

.debug_abbrev   0x0000000000000000     0x1cd5
 .debug_abbrev  0x0000000000000000      0x13d ./Core/Src/auto.o
 .debug_abbrev  0x000000000000013d      0x177 ./Core/Src/button.o
 .debug_abbrev  0x00000000000002b4      0x18e ./Core/Src/display.o
 .debug_abbrev  0x0000000000000442       0x94 ./Core/Src/global.o
 .debug_abbrev  0x00000000000004d6      0x2ce ./Core/Src/main.o
 .debug_abbrev  0x00000000000007a4      0x17a ./Core/Src/manual.o
 .debug_abbrev  0x000000000000091e       0xb9 ./Core/Src/software_timer.o
 .debug_abbrev  0x00000000000009d7      0x1ad ./Core/Src/stm32f1xx_hal_msp.o
 .debug_abbrev  0x0000000000000b84      0x191 ./Core/Src/stm32f1xx_it.o
 .debug_abbrev  0x0000000000000d15      0x13f ./Core/Src/system_stm32f1xx.o
 .debug_abbrev  0x0000000000000e54       0x12 ./Core/Startup/startup_stm32f103c6ux.o
 .debug_abbrev  0x0000000000000e66      0x201 ./Drivers/STM32F1xx_HAL_Driver/Src/stm32f1xx_hal.o
 .debug_abbrev  0x0000000000001067      0x2f8 ./Drivers/STM32F1xx_HAL_Driver/Src/stm32f1xx_hal_cortex.o
 .debug_abbrev  0x000000000000135f      0x1ca ./Drivers/STM32F1xx_HAL_Driver/Src/stm32f1xx_hal_gpio.o
 .debug_abbrev  0x0000000000001529      0x2b3 ./Drivers/STM32F1xx_HAL_Driver/Src/stm32f1xx_hal_rcc.o
 .debug_abbrev  0x00000000000017dc      0x277 ./Drivers/STM32F1xx_HAL_Driver/Src/stm32f1xx_hal_tim.o
 .debug_abbrev  0x0000000000001a53      0x282 ./Drivers/STM32F1xx_HAL_Driver/Src/stm32f1xx_hal_tim_ex.o

.debug_aranges  0x0000000000000000      0xa80
 .debug_aranges
                0x0000000000000000       0x20 ./Core/Src/auto.o
 .debug_aranges
                0x0000000000000020       0x30 ./Core/Src/button.o
 .debug_aranges
                0x0000000000000050       0x90 ./Core/Src/display.o
 .debug_aranges
                0x00000000000000e0       0x20 ./Core/Src/global.o
 .debug_aranges
                0x0000000000000100       0x48 ./Core/Src/main.o
 .debug_aranges
                0x0000000000000148       0x28 ./Core/Src/manual.o
 .debug_aranges
                0x0000000000000170       0x28 ./Core/Src/software_timer.o
 .debug_aranges
                0x0000000000000198       0x30 ./Core/Src/stm32f1xx_hal_msp.o
 .debug_aranges
                0x00000000000001c8       0x68 ./Core/Src/stm32f1xx_it.o
 .debug_aranges
                0x0000000000000230       0x28 ./Core/Src/system_stm32f1xx.o
 .debug_aranges
                0x0000000000000258       0x28 ./Core/Startup/startup_stm32f103c6ux.o
 .debug_aranges
                0x0000000000000280       0xe0 ./Drivers/STM32F1xx_HAL_Driver/Src/stm32f1xx_hal.o
 .debug_aranges
                0x0000000000000360      0x100 ./Drivers/STM32F1xx_HAL_Driver/Src/stm32f1xx_hal_cortex.o
 .debug_aranges
                0x0000000000000460       0x58 ./Drivers/STM32F1xx_HAL_Driver/Src/stm32f1xx_hal_gpio.o
 .debug_aranges
                0x00000000000004b8       0x90 ./Drivers/STM32F1xx_HAL_Driver/Src/stm32f1xx_hal_rcc.o
 .debug_aranges
                0x0000000000000548      0x3d0 ./Drivers/STM32F1xx_HAL_Driver/Src/stm32f1xx_hal_tim.o
 .debug_aranges
                0x0000000000000918      0x168 ./Drivers/STM32F1xx_HAL_Driver/Src/stm32f1xx_hal_tim_ex.o

.debug_rnglists
                0x0000000000000000      0x7fb
 .debug_rnglists
                0x0000000000000000       0x14 ./Core/Src/auto.o
 .debug_rnglists
                0x0000000000000014       0x20 ./Core/Src/button.o
 .debug_rnglists
                0x0000000000000034       0x6b ./Core/Src/display.o
 .debug_rnglists
                0x000000000000009f       0x13 ./Core/Src/global.o
 .debug_rnglists
                0x00000000000000b2       0x33 ./Core/Src/main.o
 .debug_rnglists
                0x00000000000000e5       0x1a ./Core/Src/manual.o
 .debug_rnglists
                0x00000000000000ff       0x19 ./Core/Src/software_timer.o
 .debug_rnglists
                0x0000000000000118       0x1f ./Core/Src/stm32f1xx_hal_msp.o
 .debug_rnglists
                0x0000000000000137       0x49 ./Core/Src/stm32f1xx_it.o
 .debug_rnglists
                0x0000000000000180       0x1a ./Core/Src/system_stm32f1xx.o
 .debug_rnglists
                0x000000000000019a       0x19 ./Core/Startup/startup_stm32f103c6ux.o
 .debug_rnglists
                0x00000000000001b3       0xa3 ./Drivers/STM32F1xx_HAL_Driver/Src/stm32f1xx_hal.o
 .debug_rnglists
                0x0000000000000256       0xbb ./Drivers/STM32F1xx_HAL_Driver/Src/stm32f1xx_hal_cortex.o
 .debug_rnglists
                0x0000000000000311       0x3f ./Drivers/STM32F1xx_HAL_Driver/Src/stm32f1xx_hal_gpio.o
 .debug_rnglists
                0x0000000000000350       0x6c ./Drivers/STM32F1xx_HAL_Driver/Src/stm32f1xx_hal_rcc.o
 .debug_rnglists
                0x00000000000003bc      0x31a ./Drivers/STM32F1xx_HAL_Driver/Src/stm32f1xx_hal_tim.o
 .debug_rnglists
                0x00000000000006d6      0x125 ./Drivers/STM32F1xx_HAL_Driver/Src/stm32f1xx_hal_tim_ex.o

.debug_macro    0x0000000000000000    0x16cde
 .debug_macro   0x0000000000000000      0x1d7 ./Core/Src/auto.o
 .debug_macro   0x00000000000001d7      0xa9c ./Core/Src/auto.o
 .debug_macro   0x0000000000000c73      0x215 ./Core/Src/auto.o
 .debug_macro   0x0000000000000e88       0x2e ./Core/Src/auto.o
 .debug_macro   0x0000000000000eb6       0x22 ./Core/Src/auto.o
 .debug_macro   0x0000000000000ed8       0x22 ./Core/Src/auto.o
 .debug_macro   0x0000000000000efa       0x8e ./Core/Src/auto.o
 .debug_macro   0x0000000000000f88       0x51 ./Core/Src/auto.o
 .debug_macro   0x0000000000000fd9      0x103 ./Core/Src/auto.o
 .debug_macro   0x00000000000010dc       0x6a ./Core/Src/auto.o
 .debug_macro   0x0000000000001146      0x1df ./Core/Src/auto.o
 .debug_macro   0x0000000000001325       0x1c ./Core/Src/auto.o
 .debug_macro   0x0000000000001341       0x22 ./Core/Src/auto.o
 .debug_macro   0x0000000000001363       0xbd ./Core/Src/auto.o
 .debug_macro   0x0000000000001420      0xd23 ./Core/Src/auto.o
 .debug_macro   0x0000000000002143     0xde75 ./Core/Src/auto.o
 .debug_macro   0x000000000000ffb8       0x6d ./Core/Src/auto.o
 .debug_macro   0x0000000000010025     0x348d ./Core/Src/auto.o
 .debug_macro   0x00000000000134b2      0x174 ./Core/Src/auto.o
 .debug_macro   0x0000000000013626       0x5c ./Core/Src/auto.o
 .debug_macro   0x0000000000013682      0x5bc ./Core/Src/auto.o
 .debug_macro   0x0000000000013c3e      0x1b7 ./Core/Src/auto.o
 .debug_macro   0x0000000000013df5      0x1cb ./Core/Src/auto.o
 .debug_macro   0x0000000000013fc0      0x114 ./Core/Src/auto.o
 .debug_macro   0x00000000000140d4      0x1b2 ./Core/Src/auto.o
 .debug_macro   0x0000000000014286       0x27 ./Core/Src/auto.o
 .debug_macro   0x00000000000142ad      0x12f ./Core/Src/auto.o
 .debug_macro   0x00000000000143dc      0x1bc ./Core/Src/auto.o
 .debug_macro   0x0000000000014598       0x34 ./Core/Src/auto.o
 .debug_macro   0x00000000000145cc       0x3c ./Core/Src/auto.o
 .debug_macro   0x0000000000014608       0x57 ./Core/Src/auto.o
 .debug_macro   0x000000000001465f       0x87 ./Core/Src/auto.o
 .debug_macro   0x00000000000146e6      0x183 ./Core/Src/auto.o
 .debug_macro   0x0000000000014869      0x140 ./Core/Src/auto.o
 .debug_macro   0x00000000000149a9      0x8ed ./Core/Src/auto.o
 .debug_macro   0x0000000000015296       0x69 ./Core/Src/auto.o
 .debug_macro   0x00000000000152ff      0x160 ./Core/Src/auto.o
 .debug_macro   0x000000000001545f       0x1c ./Core/Src/auto.o
 .debug_macro   0x000000000001547b      0x1b5 ./Core/Src/button.o
 .debug_macro   0x0000000000015630       0x16 ./Core/Src/button.o
 .debug_macro   0x0000000000015646      0x1cd ./Core/Src/display.o
 .debug_macro   0x0000000000015813      0x1c9 ./Core/Src/global.o
 .debug_macro   0x00000000000159dc      0x1f7 ./Core/Src/main.o
 .debug_macro   0x0000000000015bd3      0x1d7 ./Core/Src/manual.o
 .debug_macro   0x0000000000015daa       0x1b ./Core/Src/software_timer.o
 .debug_macro   0x0000000000015dc5      0x1a6 ./Core/Src/stm32f1xx_hal_msp.o
 .debug_macro   0x0000000000015f6b      0x1b0 ./Core/Src/stm32f1xx_it.o
 .debug_macro   0x000000000001611b      0x197 ./Core/Src/system_stm32f1xx.o
 .debug_macro   0x00000000000162b2      0x1bb ./Drivers/STM32F1xx_HAL_Driver/Src/stm32f1xx_hal.o
 .debug_macro   0x000000000001646d      0x197 ./Drivers/STM32F1xx_HAL_Driver/Src/stm32f1xx_hal_cortex.o
 .debug_macro   0x0000000000016604      0x202 ./Drivers/STM32F1xx_HAL_Driver/Src/stm32f1xx_hal_gpio.o
 .debug_macro   0x0000000000016806      0x1a9 ./Drivers/STM32F1xx_HAL_Driver/Src/stm32f1xx_hal_rcc.o
 .debug_macro   0x00000000000169af      0x198 ./Drivers/STM32F1xx_HAL_Driver/Src/stm32f1xx_hal_tim.o
 .debug_macro   0x0000000000016b47      0x197 ./Drivers/STM32F1xx_HAL_Driver/Src/stm32f1xx_hal_tim_ex.o

.debug_line     0x0000000000000000     0xc10f
 .debug_line    0x0000000000000000      0x82d ./Core/Src/auto.o
 .debug_line    0x000000000000082d      0x77f ./Core/Src/button.o
 .debug_line    0x0000000000000fac      0x957 ./Core/Src/display.o
 .debug_line    0x0000000000001903      0x70d ./Core/Src/global.o
 .debug_line    0x0000000000002010      0x850 ./Core/Src/main.o
 .debug_line    0x0000000000002860      0x81a ./Core/Src/manual.o
 .debug_line    0x000000000000307a       0xa0 ./Core/Src/software_timer.o
 .debug_line    0x000000000000311a      0x714 ./Core/Src/stm32f1xx_hal_msp.o
 .debug_line    0x000000000000382e      0x7b3 ./Core/Src/stm32f1xx_it.o
 .debug_line    0x0000000000003fe1      0x757 ./Core/Src/system_stm32f1xx.o
 .debug_line    0x0000000000004738       0x78 ./Core/Startup/startup_stm32f103c6ux.o
 .debug_line    0x00000000000047b0      0x984 ./Drivers/STM32F1xx_HAL_Driver/Src/stm32f1xx_hal.o
 .debug_line    0x0000000000005134      0xb6c ./Drivers/STM32F1xx_HAL_Driver/Src/stm32f1xx_hal_cortex.o
 .debug_line    0x0000000000005ca0      0xa08 ./Drivers/STM32F1xx_HAL_Driver/Src/stm32f1xx_hal_gpio.o
 .debug_line    0x00000000000066a8      0xd8d ./Drivers/STM32F1xx_HAL_Driver/Src/stm32f1xx_hal_rcc.o
 .debug_line    0x0000000000007435     0x3427 ./Drivers/STM32F1xx_HAL_Driver/Src/stm32f1xx_hal_tim.o
 .debug_line    0x000000000000a85c     0x18b3 ./Drivers/STM32F1xx_HAL_Driver/Src/stm32f1xx_hal_tim_ex.o

.debug_str      0x0000000000000000    0x824fc
 .debug_str     0x0000000000000000    0x7f912 ./Core/Src/auto.o
                                      0x7fc7d (size before relaxing)
 .debug_str     0x000000000007f912       0x8a ./Core/Src/button.o
                                      0x7fb26 (size before relaxing)
 .debug_str     0x000000000007f99c       0xc5 ./Core/Src/display.o
                                      0x7fc14 (size before relaxing)
 .debug_str     0x000000000007fa61       0x58 ./Core/Src/global.o
                                      0x7fba7 (size before relaxing)
 .debug_str     0x000000000007fab9      0x7b9 ./Core/Src/main.o
                                      0x80398 (size before relaxing)
 .debug_str     0x0000000000080272       0x25 ./Core/Src/manual.o
                                      0x7fbf7 (size before relaxing)
 .debug_str     0x0000000000080297       0x3d ./Core/Src/software_timer.o
                                       0x2dd5 (size before relaxing)
 .debug_str     0x00000000000802d4      0x2d2 ./Core/Src/stm32f1xx_hal_msp.o
                                      0x80229 (size before relaxing)
 .debug_str     0x00000000000805a6       0xec ./Core/Src/stm32f1xx_it.o
                                      0x7ff92 (size before relaxing)
 .debug_str     0x0000000000080692       0x88 ./Core/Src/system_stm32f1xx.o
                                      0x7f626 (size before relaxing)
 .debug_str     0x000000000008071a       0x34 ./Core/Startup/startup_stm32f103c6ux.o
                                         0x5c (size before relaxing)
 .debug_str     0x000000000008074e      0x38e ./Drivers/STM32F1xx_HAL_Driver/Src/stm32f1xx_hal.o
                                      0x7fd1f (size before relaxing)
 .debug_str     0x0000000000080adc      0x29e ./Drivers/STM32F1xx_HAL_Driver/Src/stm32f1xx_hal_cortex.o
                                      0x7fc6b (size before relaxing)
 .debug_str     0x0000000000080d7a      0x2f6 ./Drivers/STM32F1xx_HAL_Driver/Src/stm32f1xx_hal_gpio.o
                                      0x7f9ac (size before relaxing)
 .debug_str     0x0000000000081070      0x229 ./Drivers/STM32F1xx_HAL_Driver/Src/stm32f1xx_hal_rcc.o
                                      0x7fa55 (size before relaxing)
 .debug_str     0x0000000000081299      0xdd0 ./Drivers/STM32F1xx_HAL_Driver/Src/stm32f1xx_hal_tim.o
                                      0x80a47 (size before relaxing)
 .debug_str     0x0000000000082069      0x493 ./Drivers/STM32F1xx_HAL_Driver/Src/stm32f1xx_hal_tim_ex.o
                                      0x80263 (size before relaxing)

.debug_frame    0x0000000000000000     0x295c
 .debug_frame   0x0000000000000000       0x2c ./Core/Src/auto.o
 .debug_frame   0x000000000000002c       0x84 ./Core/Src/button.o
 .debug_frame   0x00000000000000b0      0x204 ./Core/Src/display.o
 .debug_frame   0x00000000000002b4       0x30 ./Core/Src/global.o
 .debug_frame   0x00000000000002e4       0xd4 ./Core/Src/main.o
 .debug_frame   0x00000000000003b8       0x50 ./Core/Src/manual.o
 .debug_frame   0x0000000000000408       0x60 ./Core/Src/software_timer.o
 .debug_frame   0x0000000000000468       0x80 ./Core/Src/stm32f1xx_hal_msp.o
 .debug_frame   0x00000000000004e8      0x120 ./Core/Src/stm32f1xx_it.o
 .debug_frame   0x0000000000000608       0x58 ./Core/Src/system_stm32f1xx.o
 .debug_frame   0x0000000000000660      0x334 ./Drivers/STM32F1xx_HAL_Driver/Src/stm32f1xx_hal.o
 .debug_frame   0x0000000000000994      0x428 ./Drivers/STM32F1xx_HAL_Driver/Src/stm32f1xx_hal_cortex.o
 .debug_frame   0x0000000000000dbc      0x14c ./Drivers/STM32F1xx_HAL_Driver/Src/stm32f1xx_hal_gpio.o
 .debug_frame   0x0000000000000f08      0x218 ./Drivers/STM32F1xx_HAL_Driver/Src/stm32f1xx_hal_rcc.o
 .debug_frame   0x0000000000001120     0x11b8 ./Drivers/STM32F1xx_HAL_Driver/Src/stm32f1xx_hal_tim.o
 .debug_frame   0x00000000000022d8      0x638 ./Drivers/STM32F1xx_HAL_Driver/Src/stm32f1xx_hal_tim_ex.o
 .debug_frame   0x0000000000002910       0x20 D:/STM32CubeIDE_1.13.1/STM32CubeIDE/plugins/com.st.stm32cube.ide.mcu.externaltools.gnu-tools-for-stm32.11.3.rel1.win32_1.1.0.202305231506/tools/bin/../lib/gcc/arm-none-eabi/11.3.1/../../../../arm-none-eabi/lib/thumb/v7-m/nofp\libc_nano.a(libc_a-memset.o)
 .debug_frame   0x0000000000002930       0x2c D:/STM32CubeIDE_1.13.1/STM32CubeIDE/plugins/com.st.stm32cube.ide.mcu.externaltools.gnu-tools-for-stm32.11.3.rel1.win32_1.1.0.202305231506/tools/bin/../lib/gcc/arm-none-eabi/11.3.1/../../../../arm-none-eabi/lib/thumb/v7-m/nofp\libc_nano.a(libc_a-init.o)

.debug_line_str
                0x0000000000000000       0x50
 .debug_line_str
                0x0000000000000000       0x50 ./Core/Startup/startup_stm32f103c6ux.o
                                         0x68 (size before relaxing)
